#-----------------------------------------------------------
# Vivado v2024.1 (64-bit)
# SW Build 5076996 on Wed May 22 18:36:09 MDT 2024
# IP Build 5075265 on Wed May 22 21:45:21 MDT 2024
# SharedData Build 5076995 on Wed May 22 18:29:18 MDT 2024
# Start of session at: Fri Aug 16 16:38:51 2024
# Process ID: 9313
# Current directory: /home/vivadouser/Projects/not_gate/not_gate.runs/synth_1
# Command line: vivado -log not1.vds -product Vivado -mode batch -messageDb vivado.pb -notrace -source not1.tcl
# Log file: /home/vivadouser/Projects/not_gate/not_gate.runs/synth_1/not1.vds
# Journal file: /home/vivadouser/Projects/not_gate/not_gate.runs/synth_1/vivado.jou
# Running On        :c9c5ae734a6a
# Platform          :Ubuntu
# Operating System  :Ubuntu 20.04.6 LTS
# Processor Detail  :13th Gen Intel(R) Core(TM) i5-13400
# CPU Frequency     :3299.164 MHz
# CPU Physical cores:10
# CPU Logical cores :16
# Host memory       :33405 MB
# Swap memory       :21474 MB
# Total Virtual     :54880 MB
# Available Virtual :40178 MB
#-----------------------------------------------------------
source not1.tcl -notrace
